
> devops-automate-fe@0.1.0 build
> next build

   Γû▓ Next.js 14.0.4
   - Environments: .env.production

   Creating an optimized production build ...
 Γ£ô Compiled successfully
   Linting and checking validity of types ...

./src/app/access-control/manage-groups/page.tsx
107:8  Warning: React Hook useEffect has a missing dependency: 'loadGroups'. Either include it or remove the dependency array.  react-hooks/exhaustive-deps

./src/app/access-control/manage-roles/page.tsx
228:8  Warning: React Hook useEffect has a missing dependency: 'loadRoles'. Either include it or remove the dependency array.  react-hooks/exhaustive-deps
367:8  Warning: React Hook useEffect has a missing dependency: 'selectedAccount.isSystiva'. Either include it or remove the dependency array.  react-hooks/exhaustive-deps
436:8  Warning: React Hook useCallback has a missing dependency: 'autoSaveRole'. Either include it or remove the dependency array.  react-hooks/exhaustive-deps

./src/app/access-control/manage-user-groups/page.tsx
633:8  Warning: React Hook useCallback has a missing dependency: 'autoSaveGroup'. Either include it or remove the dependency array.  react-hooks/exhaustive-deps

./src/app/access-control/manage-users/page.tsx
381:8  Warning: React Hook React.useMemo has missing dependencies: 'sortColumn' and 'sortDirection'. Either include them or remove the dependency array.  react-hooks/exhaustive-deps
386:9  Warning: React Hook React.useMemo has a complex expression in the dependency array. Extract it to a separate variable so it can be statically checked.  react-hooks/exhaustive-deps
1619:8  Warning: React Hook useEffect has missing dependencies: 'autoSaveNewAccount', 'getIncompleteRows', and 'showBlueNotification'. Either include them or remove the dependency array.  react-hooks/exhaustive-deps
1880:8  Warning: React Hook useEffect has a missing dependency: 'sortConfigsByDisplayOrder'. Either include it or remove the dependency array.  react-hooks/exhaustive-deps

./src/app/access-control/role-user-hierarchy/page.tsx
469:8  Warning: React Hook useEffect has a missing dependency: 'buildHierarchyTree'. Either include it or remove the dependency array.  react-hooks/exhaustive-deps

./src/app/account-settings/enterprise-configuration/page.tsx
308:8  Warning: React Hook React.useMemo has missing dependencies: 'sortColumn' and 'sortDirection'. Either include them or remove the dependency array.  react-hooks/exhaustive-deps
313:9  Warning: React Hook React.useMemo has a complex expression in the dependency array. Extract it to a separate variable so it can be statically checked.  react-hooks/exhaustive-deps
1574:8  Warning: React Hook useEffect has missing dependencies: 'autoSaveNewRow', 'getIncompleteRows', and 'showBlueNotification'. Either include them or remove the dependency array.  react-hooks/exhaustive-deps
1930:8  Warning: React Hook useEffect has a missing dependency: 'sortConfigsByDisplayOrder'. Either include it or remove the dependency array.  react-hooks/exhaustive-deps

./src/app/account-settings/global-settings/new/page.tsx
221:8  Warning: React Hook useEffect has a missing dependency: 'enterpriseId'. Either include it or remove the dependency array.  react-hooks/exhaustive-deps

./src/app/account-settings/global-settings/page.tsx
1316:8  Warning: React Hook useEffect has a missing dependency: 'loadEntities'. Either include it or remove the dependency array.  react-hooks/exhaustive-deps

./src/app/account-settings/manage-accounts/page.tsx
395:8  Warning: React Hook React.useMemo has missing dependencies: 'sortColumn' and 'sortDirection'. Either include them or remove the dependency array.  react-hooks/exhaustive-deps
400:9  Warning: React Hook React.useMemo has a complex expression in the dependency array. Extract it to a separate variable so it can be statically checked.  react-hooks/exhaustive-deps
1633:8  Warning: React Hook useEffect has missing dependencies: 'autoSaveNewAccount', 'getIncompleteRows', and 'showBlueNotification'. Either include them or remove the dependency array.  react-hooks/exhaustive-deps
1894:8  Warning: React Hook useEffect has a missing dependency: 'sortConfigsByDisplayOrder'. Either include it or remove the dependency array.  react-hooks/exhaustive-deps

./src/app/security-governance/connectors/page.tsx
130:21  Warning: Using `<img>` could result in slower LCP and higher bandwidth. Consider using `<Image />` from `next/image` to automatically optimize images. This may incur additional usage or cost from your provider. See: https://nextjs.org/docs/messages/no-img-element  @next/next/no-img-element
141:21  Warning: Using `<img>` could result in slower LCP and higher bandwidth. Consider using `<Image />` from `next/image` to automatically optimize images. This may incur additional usage or cost from your provider. See: https://nextjs.org/docs/messages/no-img-element  @next/next/no-img-element
152:21  Warning: Using `<img>` could result in slower LCP and higher bandwidth. Consider using `<Image />` from `next/image` to automatically optimize images. This may incur additional usage or cost from your provider. See: https://nextjs.org/docs/messages/no-img-element  @next/next/no-img-element
207:21  Warning: Using `<img>` could result in slower LCP and higher bandwidth. Consider using `<Image />` from `next/image` to automatically optimize images. This may incur additional usage or cost from your provider. See: https://nextjs.org/docs/messages/no-img-element  @next/next/no-img-element
218:21  Warning: Using `<img>` could result in slower LCP and higher bandwidth. Consider using `<Image />` from `next/image` to automatically optimize images. This may incur additional usage or cost from your provider. See: https://nextjs.org/docs/messages/no-img-element  @next/next/no-img-element
229:21  Warning: Using `<img>` could result in slower LCP and higher bandwidth. Consider using `<Image />` from `next/image` to automatically optimize images. This may incur additional usage or cost from your provider. See: https://nextjs.org/docs/messages/no-img-element  @next/next/no-img-element
240:21  Warning: Using `<img>` could result in slower LCP and higher bandwidth. Consider using `<Image />` from `next/image` to automatically optimize images. This may incur additional usage or cost from your provider. See: https://nextjs.org/docs/messages/no-img-element  @next/next/no-img-element
261:21  Warning: Using `<img>` could result in slower LCP and higher bandwidth. Consider using `<Image />` from `next/image` to automatically optimize images. This may incur additional usage or cost from your provider. See: https://nextjs.org/docs/messages/no-img-element  @next/next/no-img-element
272:21  Warning: Using `<img>` could result in slower LCP and higher bandwidth. Consider using `<Image />` from `next/image` to automatically optimize images. This may incur additional usage or cost from your provider. See: https://nextjs.org/docs/messages/no-img-element  @next/next/no-img-element
283:21  Warning: Using `<img>` could result in slower LCP and higher bandwidth. Consider using `<Image />` from `next/image` to automatically optimize images. This may incur additional usage or cost from your provider. See: https://nextjs.org/docs/messages/no-img-element  @next/next/no-img-element
294:21  Warning: Using `<img>` could result in slower LCP and higher bandwidth. Consider using `<Image />` from `next/image` to automatically optimize images. This may incur additional usage or cost from your provider. See: https://nextjs.org/docs/messages/no-img-element  @next/next/no-img-element
305:21  Warning: Using `<img>` could result in slower LCP and higher bandwidth. Consider using `<Image />` from `next/image` to automatically optimize images. This may incur additional usage or cost from your provider. See: https://nextjs.org/docs/messages/no-img-element  @next/next/no-img-element
316:21  Warning: Using `<img>` could result in slower LCP and higher bandwidth. Consider using `<Image />` from `next/image` to automatically optimize images. This may incur additional usage or cost from your provider. See: https://nextjs.org/docs/messages/no-img-element  @next/next/no-img-element
327:21  Warning: Using `<img>` could result in slower LCP and higher bandwidth. Consider using `<Image />` from `next/image` to automatically optimize images. This may incur additional usage or cost from your provider. See: https://nextjs.org/docs/messages/no-img-element  @next/next/no-img-element
338:21  Warning: Using `<img>` could result in slower LCP and higher bandwidth. Consider using `<Image />` from `next/image` to automatically optimize images. This may incur additional usage or cost from your provider. See: https://nextjs.org/docs/messages/no-img-element  @next/next/no-img-element
370:21  Warning: Using `<img>` could result in slower LCP and higher bandwidth. Consider using `<Image />` from `next/image` to automatically optimize images. This may incur additional usage or cost from your provider. See: https://nextjs.org/docs/messages/no-img-element  @next/next/no-img-element
381:21  Warning: Using `<img>` could result in slower LCP and higher bandwidth. Consider using `<Image />` from `next/image` to automatically optimize images. This may incur additional usage or cost from your provider. See: https://nextjs.org/docs/messages/no-img-element  @next/next/no-img-element
392:21  Warning: Using `<img>` could result in slower LCP and higher bandwidth. Consider using `<Image />` from `next/image` to automatically optimize images. This may incur additional usage or cost from your provider. See: https://nextjs.org/docs/messages/no-img-element  @next/next/no-img-element
403:21  Warning: Using `<img>` could result in slower LCP and higher bandwidth. Consider using `<Image />` from `next/image` to automatically optimize images. This may incur additional usage or cost from your provider. See: https://nextjs.org/docs/messages/no-img-element  @next/next/no-img-element
440:21  Warning: Using `<img>` could result in slower LCP and higher bandwidth. Consider using `<Image />` from `next/image` to automatically optimize images. This may incur additional usage or cost from your provider. See: https://nextjs.org/docs/messages/no-img-element  @next/next/no-img-element
451:21  Warning: Using `<img>` could result in slower LCP and higher bandwidth. Consider using `<Image />` from `next/image` to automatically optimize images. This may incur additional usage or cost from your provider. See: https://nextjs.org/docs/messages/no-img-element  @next/next/no-img-element
462:21  Warning: Using `<img>` could result in slower LCP and higher bandwidth. Consider using `<Image />` from `next/image` to automatically optimize images. This may incur additional usage or cost from your provider. See: https://nextjs.org/docs/messages/no-img-element  @next/next/no-img-element
473:21  Warning: Using `<img>` could result in slower LCP and higher bandwidth. Consider using `<Image />` from `next/image` to automatically optimize images. This may incur additional usage or cost from your provider. See: https://nextjs.org/docs/messages/no-img-element  @next/next/no-img-element
484:21  Warning: Using `<img>` could result in slower LCP and higher bandwidth. Consider using `<Image />` from `next/image` to automatically optimize images. This may incur additional usage or cost from your provider. See: https://nextjs.org/docs/messages/no-img-element  @next/next/no-img-element
495:21  Warning: Using `<img>` could result in slower LCP and higher bandwidth. Consider using `<Image />` from `next/image` to automatically optimize images. This may incur additional usage or cost from your provider. See: https://nextjs.org/docs/messages/no-img-element  @next/next/no-img-element
527:21  Warning: Using `<img>` could result in slower LCP and higher bandwidth. Consider using `<Image />` from `next/image` to automatically optimize images. This may incur additional usage or cost from your provider. See: https://nextjs.org/docs/messages/no-img-element  @next/next/no-img-element
538:21  Warning: Using `<img>` could result in slower LCP and higher bandwidth. Consider using `<Image />` from `next/image` to automatically optimize images. This may incur additional usage or cost from your provider. See: https://nextjs.org/docs/messages/no-img-element  @next/next/no-img-element
549:21  Warning: Using `<img>` could result in slower LCP and higher bandwidth. Consider using `<Image />` from `next/image` to automatically optimize images. This may incur additional usage or cost from your provider. See: https://nextjs.org/docs/messages/no-img-element  @next/next/no-img-element
560:21  Warning: Using `<img>` could result in slower LCP and higher bandwidth. Consider using `<Image />` from `next/image` to automatically optimize images. This may incur additional usage or cost from your provider. See: https://nextjs.org/docs/messages/no-img-element  @next/next/no-img-element
604:21  Warning: Using `<img>` could result in slower LCP and higher bandwidth. Consider using `<Image />` from `next/image` to automatically optimize images. This may incur additional usage or cost from your provider. See: https://nextjs.org/docs/messages/no-img-element  @next/next/no-img-element
615:21  Warning: Using `<img>` could result in slower LCP and higher bandwidth. Consider using `<Image />` from `next/image` to automatically optimize images. This may incur additional usage or cost from your provider. See: https://nextjs.org/docs/messages/no-img-element  @next/next/no-img-element
626:21  Warning: Using `<img>` could result in slower LCP and higher bandwidth. Consider using `<Image />` from `next/image` to automatically optimize images. This may incur additional usage or cost from your provider. See: https://nextjs.org/docs/messages/no-img-element  @next/next/no-img-element
637:21  Warning: Using `<img>` could result in slower LCP and higher bandwidth. Consider using `<Image />` from `next/image` to automatically optimize images. This may incur additional usage or cost from your provider. See: https://nextjs.org/docs/messages/no-img-element  @next/next/no-img-element
750:33  Warning: Using `<img>` could result in slower LCP and higher bandwidth. Consider using `<Image />` from `next/image` to automatically optimize images. This may incur additional usage or cost from your provider. See: https://nextjs.org/docs/messages/no-img-element  @next/next/no-img-element
1270:8  Warning: React Hook useEffect has a missing dependency: 'loadConnectors'. Either include it or remove the dependency array.  react-hooks/exhaustive-deps

./src/app/security-governance/credentials/page.tsx
156:8  Warning: React Hook useEffect has a missing dependency: 'loadCredentials'. Either include it or remove the dependency array.  react-hooks/exhaustive-deps

./src/components/AccountsTable.tsx
2069:9  Warning: React Hook React.useCallback has an unnecessary dependency: 'currentRowEnterprise'. Either exclude it or remove the dependency array.  react-hooks/exhaustive-deps
2246:8  Warning: React Hook React.useCallback has unnecessary dependencies: 'isOptionInUse' and 'type'. Either exclude them or remove the dependency array.  react-hooks/exhaustive-deps
4024:41  Warning: The ref value 'saveTimersRef.current' will likely have changed by the time this effect cleanup function runs. If this ref points to a node rendered by React, copy 'saveTimersRef.current' to a variable inside the effect, and use that variable in the cleanup function.  react-hooks/exhaustive-deps
4530:11  Warning: The 'colSizes' object makes the dependencies of useMemo Hook (at line 4606) change on every render. To fix this, wrap the initialization of 'colSizes' in its own useMemo() Hook.  react-hooks/exhaustive-deps

./src/components/AddressModal.tsx
307:25  Warning: Using `<img>` could result in slower LCP and higher bandwidth. Consider using `<Image />` from `next/image` to automatically optimize images. This may incur additional usage or cost from your provider. See: https://nextjs.org/docs/messages/no-img-element  @next/next/no-img-element

./src/components/AISuggestionsPanel.tsx
450:21  Warning: Using `<img>` could result in slower LCP and higher bandwidth. Consider using `<Image />` from `next/image` to automatically optimize images. This may incur additional usage or cost from your provider. See: https://nextjs.org/docs/messages/no-img-element  @next/next/no-img-element
635:25  Warning: Using `<img>` could result in slower LCP and higher bandwidth. Consider using `<Image />` from `next/image` to automatically optimize images. This may incur additional usage or cost from your provider. See: https://nextjs.org/docs/messages/no-img-element  @next/next/no-img-element

./src/components/ConnectorSlidingPanel.tsx
749:21  Warning: Using `<img>` could result in slower LCP and higher bandwidth. Consider using `<Image />` from `next/image` to automatically optimize images. This may incur additional usage or cost from your provider. See: https://nextjs.org/docs/messages/no-img-element  @next/next/no-img-element
761:21  Warning: Using `<img>` could result in slower LCP and higher bandwidth. Consider using `<Image />` from `next/image` to automatically optimize images. This may incur additional usage or cost from your provider. See: https://nextjs.org/docs/messages/no-img-element  @next/next/no-img-element

./src/components/ContactModal.tsx
323:25  Warning: Using `<img>` could result in slower LCP and higher bandwidth. Consider using `<Image />` from `next/image` to automatically optimize images. This may incur additional usage or cost from your provider. See: https://nextjs.org/docs/messages/no-img-element  @next/next/no-img-element

./src/components/DashboardHome.tsx
166:8  Warning: React Hook useEffect has a missing dependency: 'handleRefresh'. Either include it or remove the dependency array.  react-hooks/exhaustive-deps

./src/components/EnterpriseConfigTable.tsx
3094:8  Warning: React Hook useEffect has missing dependencies: 'onValidationComplete' and 'validateAndHighlightErrors'. Either include them or remove the dependency array. If 'onValidationComplete' changes too often, find the parent component that defines it and wrap that definition in useCallback.  react-hooks/exhaustive-deps
3105:8  Warning: React Hook useEffect has a missing dependency: 'validateAndHighlightErrors'. Either include it or remove the dependency array.  react-hooks/exhaustive-deps
3132:41  Warning: The ref value 'saveTimersRef.current' will likely have changed by the time this effect cleanup function runs. If this ref points to a node rendered by React, copy 'saveTimersRef.current' to a variable inside the effect, and use that variable in the cleanup function.  react-hooks/exhaustive-deps
3237:11  Warning: The 'colSizes' object makes the dependencies of useMemo Hook (at line 3308) change on every render. To fix this, wrap the initialization of 'colSizes' in its own useMemo() Hook.  react-hooks/exhaustive-deps

./src/components/Icons.tsx
17:5  Warning: Using `<img>` could result in slower LCP and higher bandwidth. Consider using `<Image />` from `next/image` to automatically optimize images. This may incur additional usage or cost from your provider. See: https://nextjs.org/docs/messages/no-img-element  @next/next/no-img-element

./src/components/ManageUsersTable.tsx
2074:9  Warning: React Hook React.useCallback has an unnecessary dependency: 'currentRowEnterprise'. Either exclude it or remove the dependency array.  react-hooks/exhaustive-deps
2261:8  Warning: React Hook React.useCallback has unnecessary dependencies: 'isOptionInUse' and 'type'. Either exclude them or remove the dependency array.  react-hooks/exhaustive-deps
3755:41  Warning: The ref value 'saveTimersRef.current' will likely have changed by the time this effect cleanup function runs. If this ref points to a node rendered by React, copy 'saveTimersRef.current' to a variable inside the effect, and use that variable in the cleanup function.  react-hooks/exhaustive-deps
3897:11  Warning: The 'colSizes' object makes the dependencies of useMemo Hook (at line 3976) change on every render. To fix this, wrap the initialization of 'colSizes' in its own useMemo() Hook.  react-hooks/exhaustive-deps

./src/components/Manage_User/TableComponent.js
2667:8  Warning: React Hook useEffect has a missing dependency: 'configToUse.initialData'. Either include it or remove the dependency array.  react-hooks/exhaustive-deps
3197:44  Warning: The ref value 'autoSaveTimeouts.current' will likely have changed by the time this effect cleanup function runs. If this ref points to a node rendered by React, copy 'autoSaveTimeouts.current' to a variable inside the effect, and use that variable in the cleanup function.  react-hooks/exhaustive-deps
3281:9  Warning: React Hook useCallback has missing dependencies: 'generateSmartSuggestions' and 'items'. Either include them or remove the dependency array.  react-hooks/exhaustive-deps
3331:9  Warning: React Hook useCallback has a missing dependency: 'executeCommand'. Either include it or remove the dependency array.  react-hooks/exhaustive-deps
3806:9  Warning: React Hook useCallback has missing dependencies: 'handleSwipeBack' and 'handleSwipeForward'. Either include them or remove the dependency array.  react-hooks/exhaustive-deps
3820:8  Warning: React Hook useCallback has a missing dependency: 'navigateToBreadcrumb'. Either include it or remove the dependency array.  react-hooks/exhaustive-deps
3836:8  Warning: React Hook useCallback has missing dependencies: 'navigateToAttributes' and 'navigateToRoles'. Either include them or remove the dependency array.  react-hooks/exhaustive-deps
3874:9  Warning: React Hook useCallback has a missing dependency: 'navigateToBreadcrumb'. Either include it or remove the dependency array.  react-hooks/exhaustive-deps

./src/components/ModernConnectorToolbar.tsx
543:17  Warning: Using `<img>` could result in slower LCP and higher bandwidth. Consider using `<Image />` from `next/image` to automatically optimize images. This may incur additional usage or cost from your provider. See: https://nextjs.org/docs/messages/no-img-element  @next/next/no-img-element
555:17  Warning: Using `<img>` could result in slower LCP and higher bandwidth. Consider using `<Image />` from `next/image` to automatically optimize images. This may incur additional usage or cost from your provider. See: https://nextjs.org/docs/messages/no-img-element  @next/next/no-img-element
579:17  Warning: Using `<img>` could result in slower LCP and higher bandwidth. Consider using `<Image />` from `next/image` to automatically optimize images. This may incur additional usage or cost from your provider. See: https://nextjs.org/docs/messages/no-img-element  @next/next/no-img-element
591:17  Warning: Using `<img>` could result in slower LCP and higher bandwidth. Consider using `<Image />` from `next/image` to automatically optimize images. This may incur additional usage or cost from your provider. See: https://nextjs.org/docs/messages/no-img-element  @next/next/no-img-element

./src/components/NavigationSidebar.tsx
357:29  Warning: Using `<img>` could result in slower LCP and higher bandwidth. Consider using `<Image />` from `next/image` to automatically optimize images. This may incur additional usage or cost from your provider. See: https://nextjs.org/docs/messages/no-img-element  @next/next/no-img-element
377:29  Warning: Using `<img>` could result in slower LCP and higher bandwidth. Consider using `<Image />` from `next/image` to automatically optimize images. This may incur additional usage or cost from your provider. See: https://nextjs.org/docs/messages/no-img-element  @next/next/no-img-element

./src/components/reusable/ReusableTableComponent.js
1511:8  Warning: React Hook useEffect has a missing dependency: 'configToUse.breadcrumbData'. Either include it or remove the dependency array.  react-hooks/exhaustive-deps

./src/components/ScopeConfigSlidingPanel.tsx
386:8  Warning: React Hook useEffect has a missing dependency: 'categories'. Either include it or remove the dependency array.  react-hooks/exhaustive-deps
402:8  Warning: React Hook useEffect has a missing dependency: 'handleSave'. Either include it or remove the dependency array.  react-hooks/exhaustive-deps

./src/components/TechnicalUserModal.tsx
356:25  Warning: Using `<img>` could result in slower LCP and higher bandwidth. Consider using `<Image />` from `next/image` to automatically optimize images. This may incur additional usage or cost from your provider. See: https://nextjs.org/docs/messages/no-img-element  @next/next/no-img-element

./src/utils/responsiveUtils.ts
246:1  Warning: Assign object to a variable before exporting as module default  import/no-anonymous-default-export

info  - Need to disable some ESLint rules? Learn more here: https://nextjs.org/docs/basic-features/eslint#disabling-rules
   Collecting page data ...
   Generating static pages (0/35) ...
node.exe :  ΓÜá Unsupported metadata viewport is configured in metadata export in 
/_not-found. Please move it to viewport export instead.
At line:1 char:1
+ & "C:\Program Files\nodejs/node.exe" "C:\Program Files\nodejs/node_mo ...
+ ~~~~~~~~~~~~~~~~~~~~~~~~~~~~~~~~~~~~~~~~~~~~~~~~~~~~~~~~~~~~~~~~~~~~~
    + CategoryInfo          : NotSpecified: ( ΓÜá Unsupporte...export instead.:String 
   ) [], RemoteException
    + FullyQualifiedErrorId : NativeCommandError
 
Read more: https://nextjs.org/docs/app/api-reference/functions/generate-viewport
 ΓÜá Unsupported metadata viewport is configured in metadata export in /_not-found. 
Please move it to viewport export instead.
Read more: https://nextjs.org/docs/app/api-reference/functions/generate-viewport
 ΓÜá Unsupported metadata viewport is configured in metadata export in 
/access-control/role-user-hierarchy. Please move it to viewport export instead.
Read more: https://nextjs.org/docs/app/api-reference/functions/generate-viewport
 ΓÜá Unsupported metadata viewport is configured in metadata export in 
/access-control/role-user-hierarchy. Please move it to viewport export instead.
Read more: https://nextjs.org/docs/app/api-reference/functions/generate-viewport
 ΓÜá Unsupported metadata viewport is configured in metadata export in 
/account-settings/business-unit-settings. Please move it to viewport export instead.
Read more: https://nextjs.org/docs/app/api-reference/functions/generate-viewport
 ΓÜá Unsupported metadata viewport is configured in metadata export in 
/account-settings/business-unit-settings. Please move it to viewport export instead.
Read more: https://nextjs.org/docs/app/api-reference/functions/generate-viewport
 ΓÜá Unsupported metadata viewport is configured in metadata export in 
/account-settings/enterprise-configuration. Please move it to viewport export instead.
Read more: https://nextjs.org/docs/app/api-reference/functions/generate-viewport
 ΓÜá Unsupported metadata viewport is configured in metadata export in 
/account-settings/enterprise-configuration. Please move it to viewport export instead.
Read more: https://nextjs.org/docs/app/api-reference/functions/generate-viewport
 ΓÜá Unsupported metadata viewport is configured in metadata export in 
/account-settings/global-settings/new. Please move it to viewport export instead.
Read more: https://nextjs.org/docs/app/api-reference/functions/generate-viewport
 ΓÜá Unsupported metadata viewport is configured in metadata export in 
/account-settings/global-settings/new. Please move it to viewport export instead.
Read more: https://nextjs.org/docs/app/api-reference/functions/generate-viewport
 ΓÜá Unsupported metadata viewport is configured in metadata export in 
/access-control/manage-users. Please move it to viewport export instead.
Read more: https://nextjs.org/docs/app/api-reference/functions/generate-viewport
 ΓÜá Unsupported metadata viewport is configured in metadata export in 
/access-control/manage-users. Please move it to viewport export instead.
Read more: https://nextjs.org/docs/app/api-reference/functions/generate-viewport
≡ƒÅù∩╕Å EnterpriseConfiguration component mounting...
≡ƒöä Render #1 - Auto-save timer exists: false Countdown: null
 ΓÜá Unsupported metadata viewport is configured in metadata export in 
/account-settings/global-settings. Please move it to viewport export instead.
Read more: https://nextjs.org/docs/app/api-reference/functions/generate-viewport
 ΓÜá Unsupported metadata viewport is configured in metadata export in 
/account-settings/global-settings. Please move it to viewport export instead.
Read more: https://nextjs.org/docs/app/api-reference/functions/generate-viewport

   Generating static pages (8/35) 
 ΓÜá Unsupported metadata viewport is configured in metadata export in /builds. 
Please move it to viewport export instead.
Read more: https://nextjs.org/docs/app/api-reference/functions/generate-viewport
 ΓÜá Unsupported metadata viewport is configured in metadata export in /builds. 
Please move it to viewport export instead.
Read more: https://nextjs.org/docs/app/api-reference/functions/generate-viewport
 ΓÜá Unsupported metadata viewport is configured in metadata export in 
/account-settings. Please move it to viewport export instead.
Read more: https://nextjs.org/docs/app/api-reference/functions/generate-viewport
 ΓÜá Unsupported metadata viewport is configured in metadata export in 
/account-settings. Please move it to viewport export instead.
Read more: https://nextjs.org/docs/app/api-reference/functions/generate-viewport
 ΓÜá Unsupported metadata viewport is configured in metadata export in /inbox. Please 
move it to viewport export instead.
Read more: https://nextjs.org/docs/app/api-reference/functions/generate-viewport
 ΓÜá Unsupported metadata viewport is configured in metadata export in /inbox. Please 
move it to viewport export instead.
Read more: https://nextjs.org/docs/app/api-reference/functions/generate-viewport
 ΓÜá Unsupported metadata viewport is configured in metadata export in 
/access-control/manage-user-groups. Please move it to viewport export instead.
Read more: https://nextjs.org/docs/app/api-reference/functions/generate-viewport
 ΓÜá Unsupported metadata viewport is configured in metadata export in 
/access-control/manage-user-groups. Please move it to viewport export instead.
Read more: https://nextjs.org/docs/app/api-reference/functions/generate-viewport
 ΓÜá Unsupported metadata viewport is configured in metadata export in /. Please move 
it to viewport export instead.
Read more: https://nextjs.org/docs/app/api-reference/functions/generate-viewport
 ΓÜá Unsupported metadata viewport is configured in metadata export in /. Please move 
it to viewport export instead.
Read more: https://nextjs.org/docs/app/api-reference/functions/generate-viewport
 ΓÜá Unsupported metadata viewport is configured in metadata export in /monitoring. 
Please move it to viewport export instead.
Read more: https://nextjs.org/docs/app/api-reference/functions/generate-viewport
 ΓÜá Unsupported metadata viewport is configured in metadata export in /monitoring. 
Please move it to viewport export instead.
Read more: https://nextjs.org/docs/app/api-reference/functions/generate-viewport
 ΓÜá Unsupported metadata viewport is configured in metadata export in /dashboard. 
Please move it to viewport export instead.
Read more: https://nextjs.org/docs/app/api-reference/functions/generate-viewport
 ΓÜá Unsupported metadata viewport is configured in metadata export in /dashboard. 
Please move it to viewport export instead.
Read more: https://nextjs.org/docs/app/api-reference/functions/generate-viewport
≡ƒöä processedTableData useMemo triggered
≡ƒôè tableData length: 0
≡ƒôè tableData: []
Γ£à processedTableData result: []
Γ£à processedTableData length: 0
≡ƒôï Using base table configuration with API integration
≡ƒöº Injecting fetched services into config: []
≡ƒöº Entity dropdown values: []
≡ƒöº Service dropdown values: []
Γ£à Config with services: {
  mainTableColumns: [
    {
      id: 'checkbox',
      title: '',
      type: 'checkbox',
      width: 40,
      resizable: false,
      order: 0,
      pinned: true,
      selectAll: true
    },
    {
      id: 'groupName',
      title: 'Group Name',
      type: 'text',
      width: 180,
      resizable: true,
      order: 1,
      pinned: false,
      required: true,
      maxLength: 100,
      editable: true,
      validation: [Object]
    },
    {
      id: 'description',
      title: 'Description',
      type: 'textarea',
      width: 250,
      resizable: true,
      order: 2,
      pinned: false,
      required: false,
      maxLength: 500,
      editable: true,
      validation: [Object]
    },
    {
      id: 'entity',
      title: 'Entity',
      type: 'select',
      width: 150,
      resizable: true,
      order: 3,
      pinned: false,
      required: true,
      editable: true,
      options: [],
      apiEndpoint: 'http://localhost:4000/api/business-units/entities',
      apiParams: [Array],
      validation: [Object],
      icon: '<svg class="w-4 h-4" fill="none" stroke="#4ba3ff" viewBox="0 0 24 24">\n' +
        '                <path stroke-linecap="round" stroke-linejoin="round" stroke-width="2" d="M19 21V5a2 2 0 00-2-2H7a2 2 0 00-2 2v16m14 0h2m-2 0h-5m-9 0H3m2 0h5M9 7h1m-1 4h1m4-4h1m-1 4h1m-5 10v-5a1 1 0 011-1h2a1 1 0 011 1v5m-4 0h4"/>\n' +
        '            </svg>'
    },
    {
      id: 'service',
      title: 'Service',
      type: 'select',
      width: 150,
      resizable: true,
      order: 4,
      pinned: false,
      required: false,
      editable: true,
      options: [],
      apiEndpoint: 'http://localhost:4000/api/services',
      validation: [Object],
      icon: '<svg class="w-4 h-4" fill="none" stroke="#4ba3ff" viewBox="0 0 24 24">\n' +
        '                <path stroke-linecap="round" stroke-linejoin="round" stroke-width="2" d="M10.325 4.317c.426-1.756 2.924-1.756 3.35 0a1.724 1.724 0 002.573 1.066c1.543-.94 3.31.826 2.37 2.37a1.724 1.724 0 001.065 2.572c1.756.426 1.756 2.924 0 3.35a1.724 1.724 0 00-1.066 2.573c.94 1.543-.826 3.31-2.37 2.37a1.724 1.724 0 00-2.572 1.065c-.426 1.756-2.924 1.756-3.35 0a1.724 1.724 0 00-2.573-1.066c-1.543.94-3.31-.826-2.37-2.37a1.724 1.724 0 00-1.065-2.572c-1.756-.426-1.756-2.924 0-3.35a1.724 1.724 0 001.066-2.573c-.94-1.543.826-3.31 2.37-2.37.996.608 2.296.07 2.572-1.065z"/>\n' +
        '                <path stroke-linecap="round" stroke-linejoin="round" stroke-width="2" d="M15 12a3 3 0 11-6 0 3 3 0 016 0z"/>\n' +
        '            </svg>'
    },
    {
      id: 'roles',
      title: 'Roles',
      type: 'custom',
      width: 180,
      resizable: true,
      order: 5,
      pinned: false,
      required: false,
      customRenderer: 'rolesCount'
    }
  ],
  defaults: {
    mainItem: {
      groupName: '',
      description: '',
      entity: '',
      service: '',
      roles: [],
      createdDate: '2025-10-13',
      lastModified: '2025-10-13T21:13:42.066Z'
    },
    subitem: { name: '', status: 'pending' }
  },
  features: {
    search: true,
    filter: true,
    sort: true,
    groupBy: true,
    export: true,
    import: false,
    bulk: true,
    pagination: true,
    create: true,
    read: true,
    update: true,
    delete: true,
    columnReorder: true,
    columnResize: true,
    columnVisibility: true,
    rowSelection: true,
    rowExpansion: false,
    inlineEdit: true,
    bulkEdit: true,
    customActions: true,
    templates: false,
    validation: true,
    autoSave: true,
    newRowEditing: true,
    versionHistory: false,
    comments: false,
    attachments: false,
    workflow: false,
    permissions: true,
    audit: true,
    notifications: true
  },
  ui: {
    theme: 'modern',
    density: 'comfortable',
    striped: true,
    bordered: true,
    hover: true,
    loading: true,
    emptyState: {
      title: 'No User Groups Found',
      description: 'Create your first user group to get started',
      action: 'Create User Group'
    }
  },
  search: {
    placeholder: 'Search user groups...',
    fields: [ 'groupName', 'description', 'entity', 'service' ],
    highlight: true,
    caseSensitive: false,
    wholeWord: false,
    regex: false
  },
  filters: [
    { id: 'entity', label: 'Entity', type: 'select', options: [Array] },
    {
      id: 'service',
      label: 'Service',
      type: 'select',
      options: [Array]
    },
    { id: 'status', label: 'Status', type: 'select', options: [Array] }
  ],
  grouping: [
    { id: 'entity', label: 'Group by Entity', field: 'entity' },
    { id: 'service', label: 'Group by Service', field: 'service' },
    { id: 'status', label: 'Group by Status', field: 'status' }
  ],
  actions: {
    enableAdd: true,
    enableEdit: true,
    enableDelete: true,
    enableBulkActions: true,
    autoSave: true,
    autoSaveDelay: 1000,
    enableHoverEdit: false,
    hoverEditMode: 'immediate',
    editTrigger: 'doubleClick',
    inlineEditing: true,
    quickEdit: true
  },
  validation: {
    rules: { groupName: [Object], description: [Object], entity: [Object] },
    messages: {
      required: 'This field is required',
      minLength: 'Minimum length is {min} characters',
      maxLength: 'Maximum length is {max} characters',
      pattern: 'Invalid format',
      unique: 'This value already exists'
    }
  },
  pagination: {
    pageSize: 25,
    pageSizeOptions: [ 10, 25, 50, 100 ],
    showSizeChanger: true,
    showQuickJumper: true,
    showTotal: true
  },
  export: {
    filename: 'user-groups',
    formats: [ 'csv', 'excel', 'pdf' ],
    includeFilters: true,
    includeColumns: [ 'groupName', 'description', 'entity', 'service', 'roles' ]
  },
  api: {
    baseUrl: 'http://localhost:4000/api/user-groups',
    endpoints: {
      create: 'http://localhost:4000/api/user-groups',
      update: 'http://localhost:4000/api/user-groups/{id}',
      delete: 'http://localhost:4000/api/user-groups/{id}',
      bulkCreate: 'http://localhost:4000/api/user-groups/bulk',
      bulkUpdate: 'http://localhost:4000/api/user-groups/bulk',
      bulkDelete: 'http://localhost:4000/api/user-groups/bulk'
    },
    autoSave: {
      enabled: true,
      debounceMs: 1000,
      batchSize: 10,
      retryAttempts: 3,
      retryDelay: 2000
    },
    headers: { 'Content-Type': 'application/json' }
  },
  currentUser: { accountId: 1, enterpriseId: 1 }
}
≡ƒöì Tooltip render check: { visible: false, columnId: null, shouldShow: false }
 ΓÜá Unsupported metadata viewport is configured in metadata export in 
/pipelines/templates/bas-devspace. Please move it to viewport export instead.
Read more: https://nextjs.org/docs/app/api-reference/functions/generate-viewport
 ΓÜá Unsupported metadata viewport is configured in metadata export in 
/pipelines/templates/bas-devspace. Please move it to viewport export instead.
Read more: https://nextjs.org/docs/app/api-reference/functions/generate-viewport
 ΓÜá Unsupported metadata viewport is configured in metadata export in 
/pipelines/smart. Please move it to viewport export instead.
Read more: https://nextjs.org/docs/app/api-reference/functions/generate-viewport
 ΓÜá Unsupported metadata viewport is configured in metadata export in 
/pipelines/smart. Please move it to viewport export instead.
Read more: https://nextjs.org/docs/app/api-reference/functions/generate-viewport
 ΓÜá Unsupported metadata viewport is configured in metadata export in 
/pipelines/templates/abap-cloud. Please move it to viewport export instead.
Read more: https://nextjs.org/docs/app/api-reference/functions/generate-viewport
 ΓÜá Unsupported metadata viewport is configured in metadata export in 
/pipelines/templates/abap-cloud. Please move it to viewport export instead.
Read more: https://nextjs.org/docs/app/api-reference/functions/generate-viewport
 ΓÜá Unsupported metadata viewport is configured in metadata export in /pipelines. 
Please move it to viewport export instead.
Read more: https://nextjs.org/docs/app/api-reference/functions/generate-viewport
 ΓÜá Unsupported metadata viewport is configured in metadata export in /pipelines. 
Please move it to viewport export instead.
Read more: https://nextjs.org/docs/app/api-reference/functions/generate-viewport
 ΓÜá Unsupported metadata viewport is configured in metadata export in 
/pipelines/templates/mobile-services. Please move it to viewport export instead.
Read more: https://nextjs.org/docs/app/api-reference/functions/generate-viewport
 ΓÜá Unsupported metadata viewport is configured in metadata export in 
/pipelines/templates/mobile-services. Please move it to viewport export instead.
Read more: https://nextjs.org/docs/app/api-reference/functions/generate-viewport
 ΓÜá Unsupported metadata viewport is configured in metadata export in 
/pipelines/templates/fiori-app. Please move it to viewport export instead.
Read more: https://nextjs.org/docs/app/api-reference/functions/generate-viewport
 ΓÜá Unsupported metadata viewport is configured in metadata export in 
/pipelines/templates/fiori-app. Please move it to viewport export instead.
Read more: https://nextjs.org/docs/app/api-reference/functions/generate-viewport
 ΓÜá Unsupported metadata viewport is configured in metadata export in 
/account-settings/manage-accounts. Please move it to viewport export instead.
Read more: https://nextjs.org/docs/app/api-reference/functions/generate-viewport
 ΓÜá Unsupported metadata viewport is configured in metadata export in 
/account-settings/manage-accounts. Please move it to viewport export instead.
Read more: https://nextjs.org/docs/app/api-reference/functions/generate-viewport

   Generating static pages (17/35) 
 ΓÜá Unsupported metadata viewport is configured in metadata export in 
/pipelines/templates/sap-s4hana-extension. Please move it to viewport export instead.
Read more: https://nextjs.org/docs/app/api-reference/functions/generate-viewport
 ΓÜá Unsupported metadata viewport is configured in metadata export in 
/pipelines/templates/sap-s4hana-extension. Please move it to viewport export instead.
Read more: https://nextjs.org/docs/app/api-reference/functions/generate-viewport
 ΓÜá Unsupported metadata viewport is configured in metadata export in 
/pipelines/templates/sap-integration-suite. Please move it to viewport export instead.
Read more: https://nextjs.org/docs/app/api-reference/functions/generate-viewport
 ΓÜá Unsupported metadata viewport is configured in metadata export in 
/pipelines/templates/sap-integration-suite. Please move it to viewport export instead.
Read more: https://nextjs.org/docs/app/api-reference/functions/generate-viewport
 ΓÜá Unsupported metadata viewport is configured in metadata export in 
/pipelines/canvas. Please move it to viewport export instead.
Read more: https://nextjs.org/docs/app/api-reference/functions/generate-viewport
 ΓÜá Unsupported metadata viewport is configured in metadata export in 
/security-governance/credentials. Please move it to viewport export instead.
Read more: https://nextjs.org/docs/app/api-reference/functions/generate-viewport
 ΓÜá Unsupported metadata viewport is configured in metadata export in 
/security-governance/credentials. Please move it to viewport export instead.
Read more: https://nextjs.org/docs/app/api-reference/functions/generate-viewport
 ΓÜá Unsupported metadata viewport is configured in metadata export in 
/security-governance/connectors. Please move it to viewport export instead.
Read more: https://nextjs.org/docs/app/api-reference/functions/generate-viewport
 ΓÜá Unsupported metadata viewport is configured in metadata export in 
/security-governance/connectors. Please move it to viewport export instead.
Read more: https://nextjs.org/docs/app/api-reference/functions/generate-viewport
 ΓÜá Unsupported metadata viewport is configured in metadata export in 
/pipelines/templates. Please move it to viewport export instead.
Read more: https://nextjs.org/docs/app/api-reference/functions/generate-viewport
 ΓÜá Unsupported metadata viewport is configured in metadata export in 
/pipelines/templates. Please move it to viewport export instead.
Read more: https://nextjs.org/docs/app/api-reference/functions/generate-viewport
 ΓÜá Unsupported metadata viewport is configured in metadata export in 
/access-control/manage-groups. Please move it to viewport export instead.
Read more: https://nextjs.org/docs/app/api-reference/functions/generate-viewport
 ΓÜá Unsupported metadata viewport is configured in metadata export in 
/access-control/manage-groups. Please move it to viewport export instead.
Read more: https://nextjs.org/docs/app/api-reference/functions/generate-viewport
 ΓÜá Unsupported metadata viewport is configured in metadata export in 
/pipelines/canvas. Please move it to viewport export instead.
Read more: https://nextjs.org/docs/app/api-reference/functions/generate-viewport

   Generating static pages (26/35) 
 ΓÜá Unsupported metadata viewport is configured in metadata export in 
/access-control. Please move it to viewport export instead.
Read more: https://nextjs.org/docs/app/api-reference/functions/generate-viewport
 ΓÜá Unsupported metadata viewport is configured in metadata export in 
/access-control. Please move it to viewport export instead.
Read more: https://nextjs.org/docs/app/api-reference/functions/generate-viewport
 ΓÜá Unsupported metadata viewport is configured in metadata export in 
/security-governance. Please move it to viewport export instead.
Read more: https://nextjs.org/docs/app/api-reference/functions/generate-viewport
 ΓÜá Unsupported metadata viewport is configured in metadata export in 
/security-governance. Please move it to viewport export instead.
Read more: https://nextjs.org/docs/app/api-reference/functions/generate-viewport
 ΓÜá Unsupported metadata viewport is configured in metadata export in /test-modern. 
Please move it to viewport export instead.
Read more: https://nextjs.org/docs/app/api-reference/functions/generate-viewport
 ΓÜá Unsupported metadata viewport is configured in metadata export in /test-modern. 
Please move it to viewport export instead.
Read more: https://nextjs.org/docs/app/api-reference/functions/generate-viewport
 ΓÜá Unsupported metadata viewport is configured in metadata export in 
/security-governance/environments. Please move it to viewport export instead.
Read more: https://nextjs.org/docs/app/api-reference/functions/generate-viewport
 ΓÜá Unsupported metadata viewport is configured in metadata export in 
/security-governance/environments. Please move it to viewport export instead.
Read more: https://nextjs.org/docs/app/api-reference/functions/generate-viewport
 ΓÜá Unsupported metadata viewport is configured in metadata export in 
/access-control/manage-roles. Please move it to viewport export instead.
Read more: https://nextjs.org/docs/app/api-reference/functions/generate-viewport
 ΓÜá Unsupported metadata viewport is configured in metadata export in 
/access-control/manage-roles. Please move it to viewport export instead.
Read more: https://nextjs.org/docs/app/api-reference/functions/generate-viewport
≡ƒöì Tooltip render check: { visible: false, columnId: null, shouldShow: false }

 Γ£ô Generating static pages (35/35) 
   Finalizing page optimization ...
   Collecting build traces ...

Route (app)                                         Size     First Load JS
Γöî Γùï /                                               143 B           127 kB
Γö£ Γùï /_not-found                                     0 B                0 B
Γö£ Γùï /access-control                                 108 kB          205 kB
Γö£ Γùï /access-control/manage-groups                   27 kB           109 kB
Γö£ Γùï /access-control/manage-roles                    11.2 kB         193 kB
Γö£ Γùï /access-control/manage-user-groups              12.2 kB         194 kB
Γö£ Γùï /access-control/manage-users                    27.6 kB         154 kB
Γö£ ╬╗ /access-control/manage-users/groups/[username]  3.61 kB        85.6 kB
Γö£ Γùï /access-control/role-user-hierarchy             10.1 kB         130 kB
Γö£ Γùï /account-settings                               159 B          82.2 kB
Γö£ Γùï /account-settings/business-unit-settings        8.97 kB          91 kB
Γö£ Γùï /account-settings/enterprise-configuration      17.6 kB         153 kB
Γö£ Γùï /account-settings/global-settings               11.5 kB         102 kB
Γö£ ╬╗ /account-settings/global-settings/[id]          3.63 kB        90.9 kB
Γö£ Γùï /account-settings/global-settings/new           6.57 kB        93.8 kB
Γö£ Γùï /account-settings/manage-accounts               42.9 kB         169 kB
Γö£ Γùï /builds                                         159 B          82.2 kB
Γö£ Γùï /dashboard                                      143 B           127 kB
Γö£ Γùï /inbox                                          159 B          82.2 kB
Γö£ Γùï /monitoring                                     159 B          82.2 kB
Γö£ Γùï /pipelines                                      2.62 kB        91.4 kB
Γö£ Γùï /pipelines/canvas                               411 B           210 kB
Γö£ Γùï /pipelines/smart                                3.65 kB        85.7 kB
Γö£ Γùï /pipelines/templates                            10.1 kB         220 kB
Γö£ Γùï /pipelines/templates/abap-cloud                 3.42 kB        92.2 kB
Γö£ Γùï /pipelines/templates/bas-devspace               3.25 kB        92.1 kB
Γö£ Γùï /pipelines/templates/fiori-app                  3.17 kB          92 kB
Γö£ Γùï /pipelines/templates/mobile-services            3.35 kB        92.2 kB
Γö£ Γùï /pipelines/templates/sap-integration-suite      4.15 kB        92.9 kB
Γö£ Γùï /pipelines/templates/sap-s4hana-extension       3.91 kB        92.7 kB
Γö£ Γùï /security-governance                            159 B          82.2 kB
Γö£ Γùï /security-governance/connectors                 14.7 kB         138 kB
Γö£ Γùï /security-governance/credentials                7.59 kB         161 kB
Γö£ Γùï /security-governance/environments               9.9 kB          148 kB
Γöö Γùï /test-modern                                    3.77 kB         124 kB
+ First Load JS shared by all                       82 kB
  Γö£ chunks/4938-c4ec6c5ba84d5872.js                 26.7 kB
  Γö£ chunks/fd9d1056-b7d57a5550260d8b.js             53.3 kB
  Γö£ chunks/main-app-b032e5cdff0f089a.js             223 B
  Γöö chunks/webpack-10abc8e48625f856.js              1.83 kB


Γùï  (Static)   prerendered as static content
╬╗  (Dynamic)  server-rendered on demand using Node.js

